// Jest Snapshot v1, https://goo.gl/fbAQLP

exports[`<LinkWrapper/> should match to snapshot  1`] = `
<div
  class="sc-bcXHqe fqhbAx"
>
  <a
    href="/about"
    title="link to about"
  >
    children
  </a>
</div>
`;
