// Jest Snapshot v1, https://goo.gl/fbAQLP

exports[`<Home/> should render a Home page correctly 1`] = `
<h1>
  Awesome Template!
</h1>
`;
